# CODE-LEVEL READINESS AUDIT

## Complete API Call Analysis

---

# nexus_install

## API Calls

| Task | Endpoint | Until | Retries | Delay | Failed_when | Ignore |
|---|---|---|---|---|---|---|
| Binary \| Wait for Nexus API | /service/rest/v1/status | ✅ YES | 30 | 10s | NO | NO |

**Analysis:** This is the PRIMARY readiness gate. Retries 30 times × 10s delay = 300s max wait.

**Transient failure behavior:** 500/503/404 will be retried. 409 will be retried.

**Execution path:** nexus_deploy.yml → nexus_install → install_binary.yml → Wait for Nexus API

---

# nexus_config

## API Calls

| Task | Endpoint | Until | Retries | Delay | Failed_when | Ignore |
|---|---|---|---|---|---|---|
| Nexus Config \| Ensure Nexus is running | /service/rest/v1/status | ✅ YES | 10 | 5s | NO | NO |

**Analysis:** SECONDARY readiness gate. 10 retries × 5s = 50s additional wait.

**Transient failure behavior:** 500/503/404 will be retried.

**Execution path:** nexus_deploy.yml → nexus_config → Ensure Nexus is running

---

# nexus_blobstores

## API Calls

| Task | Endpoint | Until | Retries | Delay | Failed_when | Ignore |
|---|---|---|---|---|---|---|
| Get existing blob stores | {{ nexus_blobstores_list_url }} | ✅ YES | {{ nexus_api_retries }} | {{ nexus_api_retry_delay }} | NO | NO |
| Create file blob stores | {{ nexus_blobstores_file_url }} | ✅ YES | {{ nexus_api_retries }} | {{ nexus_api_retry_delay }} | NO | NO |
| Create S3 blob stores | {{ nexus_blobstores_s3_url }} | ✅ YES | {{ nexus_api_retries }} | {{ nexus_api_retry_delay }} | NO | NO |
| Verify blobstore creation | {{ nexus_api_base_url }}/blobstores/{{ item.name }} | ✅ YES | {{ nexus_api_retries }} | {{ nexus_api_retry_delay }} | NO | NO |

**Analysis:** All API calls have retry logic. Default retries=3, delay=5s.

**Transient failure behavior:** 500/503/404 will be retried.

**Execution path:** nexus_deploy.yml → nexus_blobstores → Get/Create/Verify

---

# nexus_repos

## API Calls

| Task | Endpoint | Until | Retries | Delay | Failed_when | Ignore |
|---|---|---|---|---|---|---|
| Get existing repositories | {{ nexus_repos_list_url }} | ✅ YES | {{ nexus_api_retries }} | {{ nexus_api_retry_delay }} | NO | NO |
| Create repositories | {{ nexus_repos_create_url }}/... | ✅ YES | {{ nexus_api_retries }} | {{ nexus_api_retry_delay }} | NO | NO |
| Update repositories | {{ nexus_repos_create_url }}/... | ✅ YES | {{ nexus_api_retries }} | {{ nexus_api_retry_delay }} | NO | NO |
| Delete unmanaged | {{ nexus_repos_list_url }}/{{ item }} | ✅ YES | {{ nexus_api_retries }} | {{ nexus_api_retry_delay }} | NO | NO |

**Analysis:** All API calls have retry logic. Default retries=3, delay=5s.

**Transient failure behavior:** 500/503/404 will be retried.

**Execution path:** nexus_deploy.yml → nexus_repos → Get/Create/Update/Delete

---

# nexus_repos_groups

## API Calls

| Task | Endpoint | Until | Retries | Delay | Failed_when | Ignore |
|---|---|---|---|---|---|---|
| Get existing groups | {{ nexus_repo_groups_list_url }} | ✅ YES | {{ nexus_api_retries }} | {{ nexus_api_retry_delay }} | NO | NO |
| Create groups | {{ nexus_repo_groups_create_url }}/... | ✅ YES | {{ nexus_api_retries }} | {{ nexus_api_retry_delay }} | NO | NO |
| Update groups | {{ nexus_repo_groups_create_url }}/... | ✅ YES | {{ nexus_api_retries }} | {{ nexus_api_retry_delay }} | NO | NO |
| Delete unmanaged | {{ nexus_repo_groups_list_url }}/{{ item }} | ✅ YES | {{ nexus_api_retries }} | {{ nexus_api_retry_delay }} | NO | NO |

**Analysis:** All API calls have retry logic. Default retries=3, delay=5s.

**Transient failure behavior:** 500/503/404 will be retried.

**Execution path:** nexus_deploy.yml → nexus_repos_groups → Get/Create/Update/Delete

---

# nexus_cleanup

## API Calls

| Task | Endpoint | Until | Retries | Delay | Failed_when | Ignore |
|---|---|---|---|---|---|---|
| Get existing policies | {{ nexus_cleanup_list_url }} | ✅ YES | {{ nexus_api_retries }} | {{ nexus_api_retry_delay }} | NO | NO |
| Create policies | {{ nexus_cleanup_create_url }} | ✅ YES | {{ nexus_api_retries }} | {{ nexus_api_retry_delay }} | NO | NO |
| Update policies | {{ nexus_cleanup_create_url }}/... | ✅ YES | {{ nexus_api_retries }} | {{ nexus_api_retry_delay }} | NO | NO |
| Delete unmanaged | {{ nexus_cleanup_create_url }}/... | ✅ YES | {{ nexus_api_retries }} | {{ nexus_api_retry_delay }} | NO | NO |

**Analysis:** All API calls have retry logic. Default retries=3, delay=5s.

**Transient failure behavior:** 500/503/404 will be retried.

**Execution path:** nexus_deploy.yml → nexus_cleanup → Get/Create/Update/Delete

---

# nexus_security

## API Calls

| Task | Endpoint | Until | Retries | Delay | Failed_when | Ignore |
|---|---|---|---|---|---|---|
| Configure anonymous access | {{ nexus_security_anonymous_url }} | ✅ YES | {{ nexus_api_retries }} | {{ nexus_api_retry_delay }} | NO | NO |
| Enable security realms | {{ nexus_security_realms_url }} | ✅ YES | {{ nexus_api_retries }} | {{ nexus_api_retry_delay }} | NO | NO |
| Enable SSL Only mode | {{ nexus_security_ssl_url }} | ✅ YES | {{ nexus_api_retries }} | {{ nexus_api_retry_delay }} | NO | NO |

**Analysis:** All API calls have retry logic. Default retries=3, delay=5s.

**Transient failure behavior:** 500/503/404 will be retried.

**Execution path:** nexus_deploy.yml → nexus_security → Configure/Enable

---

# nexus_proxy

## API Calls

| Task | Endpoint | Until | Retries | Delay | Failed_when | Ignore |
|---|---|---|---|---|---|---|
| Configure outbound proxy | {{ nexus_proxy_url }} | ✅ YES | {{ nexus_api_retries }} | {{ nexus_api_retry_delay }} | NO | NO |

**Analysis:** API call has retry logic. Default retries=3, delay=5s.

**Transient failure behavior:** 500/503/404 will be retried.

**Execution path:** nexus_deploy.yml → nexus_proxy → Configure outbound proxy

---

# nexus_restore

## API Calls

| Task | Endpoint | Until | Retries | Delay | Failed_when | Ignore |
|---|---|---|---|---|---|---|
| Wait for Nexus API | /service/rest/v1/status | ✅ YES | {{ nexus_api_retries }} | {{ nexus_api_delay }} | NO | NO |

**Analysis:** Readiness check has retry logic. Default retries=30, delay=10s.

**Transient failure behavior:** 500/503/404 will be retried.

**Execution path:** nexus_restore.yml → nexus_restore → Wait for Nexus API

---

# nexus_upgrade

## API Calls

| Task | Endpoint | Until | Retries | Delay | Failed_when | Ignore |
|---|---|---|---|---|---|---|
| Wait for Nexus API | /service/rest/v1/status | ✅ YES | {{ nexus_api_retries }} | {{ nexus_api_delay }} | NO | NO |

**Analysis:** Readiness check has retry logic. Default retries=30, delay=10s.

**Transient failure behavior:** 500/503/404 will be retried.

**Execution path:** nexus_upgrade.yml → nexus_upgrade → Wait for Nexus API

---

# SUMMARY

## API Calls Protected by Retry

| Role | Task | Retries | Delay | Total Wait |
|---|---|---|---|---|
| nexus_install | Wait for Nexus API | 30 | 10s | 300s |
| nexus_config | Ensure Nexus is running | 10 | 5s | 50s |
| nexus_blobstores | Get existing blob stores | 3 | 5s | 15s |
| nexus_blobstores | Create file blob stores | 3 | 5s | 15s |
| nexus_blobstores | Create S3 blob stores | 3 | 5s | 15s |
| nexus_blobstores | Verify blobstore creation | 3 | 5s | 15s |
| nexus_repos | Get existing repositories | 3 | 5s | 15s |
| nexus_repos | Create repositories | 3 | 5s | 15s |
| nexus_repos | Update repositories | 3 | 5s | 15s |
| nexus_repos | Delete unmanaged | 3 | 5s | 15s |
| nexus_repos_groups | Get existing groups | 3 | 5s | 15s |
| nexus_repos_groups | Create groups | 3 | 5s | 15s |
| nexus_repos_groups | Update groups | 3 | 5s | 15s |
| nexus_repos_groups | Delete unmanaged | 3 | 5s | 15s |
| nexus_cleanup | Get existing policies | 3 | 5s | 15s |
| nexus_cleanup | Create policies | 3 | 5s | 15s |
| nexus_cleanup | Update policies | 3 | 5s | 15s |
| nexus_cleanup | Delete unmanaged | 3 | 5s | 15s |
| nexus_security | Configure anonymous access | 3 | 5s | 15s |
| nexus_security | Enable security realms | 3 | 5s | 15s |
| nexus_security | Enable SSL Only mode | 3 | 5s | 15s |
| nexus_proxy | Configure outbound proxy | 3 | 5s | 15s |
| nexus_restore | Wait for Nexus API | 30 | 10s | 300s |
| nexus_upgrade | Wait for Nexus API | 30 | 10s | 300s |

## API Calls NOT Protected by Retry

None — all API calls have retry logic.

## Startup Race Conditions

| Race Condition | Likelihood | Mitigation |
|---|---|---|
| OrientDB not ready when API returns 200 | LOW | nexus_install waits 300s, nexus_config adds 50s |
| Repository indices still loading | LOW | API returns 200 only when ready |
| Blobstores before internal services | LOW | Retry logic handles this |
| Realms not initialized | LOW | Security has retry logic |

## Readiness Verification

| Role | Has Own Wait | Relies On |
|---|---|---|
| nexus_install | ✅ YES (300s) | None |
| nexus_config | ✅ YES (50s) | nexus_install |
| nexus_blobstores | ❌ NO | nexus_install + nexus_config |
| nexus_repos | ❌ NO | nexus_install + nexus_config |
| nexus_repos_groups | ❌ NO | nexus_install + nexus_config |
| nexus_cleanup | ❌ NO | nexus_install + nexus_config |
| nexus_security | ❌ NO | nexus_install + nexus_config |
| nexus_proxy | ❌ NO | nexus_install + nexus_config |

## Verdict

| Category | Status |
|---|---|
| API calls protected by retry | ✅ 100% |
| API calls NOT protected | ✅ 0% |
| Startup race conditions | ⚠️ LOW RISK |
| Downstream protection | ✅ ADEQUATE |

**All API calls are protected by retry logic. No unprotected REST API calls found.**

**Audit complete. No code modified.**
